../Core/Src/main.c:144:5:main	104	static
../Core/Src/main.c:240:6:SystemClock_Config	88	static
../Core/Src/main.c:286:13:MX_ADC1_Init	24	static
../Core/Src/main.c:338:13:MX_TIM1_Init	80	static
../Core/Src/main.c:403:13:MX_TIM2_Init	64	static
../Core/Src/main.c:461:13:MX_USART2_UART_Init	8	static
../Core/Src/main.c:494:13:MX_GPIO_Init	48	static
../Core/Src/main.c:530:6:HAL_TIM_PeriodElapsedCallback	16	static
../Core/Src/main.c:539:6:HAL_UART_RxCpltCallback	24	static
../Core/Src/main.c:595:17:ADC1_Read12_Channel	40	static
../Core/Src/main.c:631:14:ADC1_Read_Average_V	32	static
../Core/Src/main.c:654:7:Mesure_current_A	24	static
../Core/Src/main.c:679:7:Mesure_Temperature_C	112	static
../Core/Src/main.c:745:6:TIM1_CH1_SetDutyPercent	24	static
../Core/Src/main.c:761:6:uart2_printf	112	static
../Core/Src/main.c:774:10:TIM2_GetCounterTickHz	16	static
../Core/Src/main.c:784:6:TIM2_SetPeriod_ms	24	static
../Core/Src/main.c:798:6:Command_Interpreter	32	static
../Core/Src/main.c:864:6:Error_Handler	4	static,ignoring_inline_asm
