../Core/Src/main.c:123:5:main	32	static
../Core/Src/main.c:181:6:SystemClock_Config	88	static
../Core/Src/main.c:227:13:MX_ADC1_Init	24	static
../Core/Src/main.c:279:13:MX_TIM2_Init	64	static
../Core/Src/main.c:337:13:MX_USART2_UART_Init	8	static
../Core/Src/main.c:370:13:MX_GPIO_Init	48	static
../Core/Src/main.c:406:6:HAL_TIM_PeriodElapsedCallback	16	static
../Core/Src/main.c:415:6:HAL_UART_RxCpltCallback	24	static
../Core/Src/main.c:451:17:ADC1_Read12_Channel	40	static
../Core/Src/main.c:487:14:ADC1_Read_Average_V	32	static
../Core/Src/main.c:509:7:Mesure_current_A	24	static
../Core/Src/main.c:534:7:Mesure_Temperature_C	104	static
../Core/Src/main.c:592:6:uart2_printf	112	static
../Core/Src/main.c:605:10:TIM2_GetCounterTickHz	16	static
../Core/Src/main.c:615:6:TIM2_SetPeriod_ms	24	static
../Core/Src/main.c:629:6:Command_Interpreter	32	static
../Core/Src/main.c:671:6:Error_Handler	4	static,ignoring_inline_asm
